--- Tool Fetch Test ---
[Tools Helper] Found 9 enabled system servers
[Tools Helper] Attempting to fetch tools from server: maps
[Tools Helper] Server maps config: {"transport":"http","hasArgs":false,"argsCount":0,"hasAuthorization":false}
[MCP Client] Using Google Maps API key from request config (length: 39, preview: AIzaSy...)
[MCP Client] No X-Goog-User-Project header specified. Using API key's default project. If you need to bill to a different project, set X-Goog-User-Project header or GOOGLE_MAPS_GROUNDING_USER_PROJECT env var.
[Tools Helper] Calling listTools() for maps...
[MCP Client] Fetching tools for maps (http)...
[MCP Client] Using SSE transport for server: Google Maps Grounding (https://mapstools.googleapis.com/mcp)
[MCP Client] Headers being sent: X-Goog-Api-Key: PRESENT, X-Goog-User-Project: MISSING
[Tools Helper] Attempting to fetch tools from server: github
[Tools Helper] Γ£à GITHUB_PERSONAL_ACCESS_TOKEN is set (length: 40, starts with: ghp_tWqn...)
[Tools Helper] Server github config: {"transport":"stdio","command":"npx","hasArgs":true,"argsCount":2,"hasAuthorization":false}
[Tools Helper] Calling listTools() for github...
[MCP Client] Fetching tools for github (stdio)...
[Tools Helper] Attempting to fetch tools from server: playwright
[Tools Helper] Server playwright config: {"transport":"stdio","command":"npx","hasArgs":true,"argsCount":3,"hasAuthorization":false}
[Tools Helper] Calling listTools() for playwright...
[MCP Client] Fetching tools for playwright (stdio)...
[Playwright MCP] Spawning persistent process: npx.cmd @playwright/mcp@latest --headless --isolated
[Tools Helper] Attempting to fetch tools from server: langchain
[Tools Helper] Γ£à LangChain Agent server configured (REST transport)
[Tools Helper] Server langchain config: {"transport":"http","hasArgs":false,"argsCount":0,"hasAuthorization":false}
[Tools Helper] Calling listTools() for langchain...
[MCP Client] Fetching tools for langchain (http)...
[MCP Client] Using REST transport for server: LangChain Agent (https://langchain-agent-mcp-server-554655392699.us-central1.run.app)
[MCP Client] Trying GET https://langchain-agent-mcp-server-554655392699.us-central1.run.app/tools for LangChain tools list
[Tools Helper] Attempting to fetch tools from server: exa
[Tools Helper] Γ£à EXA_API_KEY is set (length: 36, starts with: 254fd03c...)
[Tools Helper] Server exa config: {"transport":"http","hasArgs":false,"argsCount":0,"hasAuthorization":false}
[Tools Helper] Calling listTools() for exa...
[MCP Client] Fetching tools for exa (http)...
[MCP Client] Using REST transport for server: Exa Search (https://mcp.exa.ai/mcp)
[MCP Client] Making REST request to: https://mcp.exa.ai/mcp
[MCP Client] Request body: {"jsonrpc":"2.0","id":"mcp-60488eaa-ded1-4b2e-84dc-a8780f46532a","method":"tools/list","params":{}}
[Tools Helper] Attempting to fetch tools from server: sequential-thinking
[Tools Helper] Server sequential-thinking config: {"transport":"stdio","command":"npx","hasArgs":true,"argsCount":2,"hasAuthorization":false}
[Tools Helper] Calling listTools() for sequential-thinking...
[MCP Client] Fetching tools for sequential-thinking (stdio)...
[Tools Helper] Attempting to fetch tools from server: notion
npx : [Tools Helper] Warning: NOTION_API_KEY not provided. Notion tools will not 
work without an API key.
At line:1 char:1
+ npx tsx --env-file=.env.local test-fetch-tools.ts > test_output.log 2 ...
+ ~~~~~~~~~~~~~~~~~~~~~~~~~~~~~~~~~~~~~~~~~~~~~~~~~~~~~~~~~~~~~~~~~~~~~
    + CategoryInfo          : NotSpecified: ([Tools Helper] ...out an API key.:St 
   ring) [], RemoteException
    + FullyQualifiedErrorId : NativeCommandError
 
[Tools Helper] Server notion config: {"transport":"stdio","command":"npx","hasArgs":true,"argsCount":2,"hasAuthorization":false}
[Tools Helper] Calling listTools() for notion...
[MCP Client] Fetching tools for notion (stdio)...
[Tools Helper] Attempting to fetch tools from server: n8n
[Tools Helper] Server n8n config: {"transport":"stdio","command":"npx","hasArgs":true,"argsCount":2,"hasAuthorization":false}
[Tools Helper] Calling listTools() for n8n...
[MCP Client] Fetching tools for n8n (stdio)...
[Tools Helper] Attempting to fetch tools from server: google-workspace
[Tools Helper] Server google-workspace config: {"transport":"http","hasArgs":false,"argsCount":0,"hasAuthorization":false}
[Tools Helper] Calling listTools() for google-workspace...
[MCP Client] Fetching tools for google-workspace (http)...
[MCP Client] Using REST transport for server: Google Workspace (https://google-workspace-mcp-server-554655392699.us-central1.run.app/mcp)
[MCP Client] Making REST request to: https://google-workspace-mcp-server-554655392699.us-central1.run.app/mcp/mcp/invoke
[MCP Client] Request body: {"jsonrpc":"2.0","id":"mcp-be9df689-a886-46d1-a0ef-aebfa6e6c969","method":"tools/list","params":{}}
[MCP Client] GET /tools response status: 200
[MCP Client] Γ£à Got tools from /tools endpoint: {"tools":[{"name":"agent_executor","description":"Execute a complex, multi-step reasoning task using a LangChain agent. The agent can use tools like web search and weather lookup to answer questions and perform tasks.","inputSchema":{"type":"object","properties":{"query":{"type":"string","description":"The user's query or task to be executed by the agent"}},"required":["query"]}}]}
[MCP Client] Γ£à Converted 1 tools from /tools endpoint to MCP format
[MCP Client] Successfully extracted 1 tools for langchain
[Tools Helper] Successfully fetched 1 tools from langchain
[Tools Helper] Sample tool from langchain: {"name":"agent_executor","description":"Execute a complex, multi-step reasoning task using","hasSchema":true}
[MCP Client] Response status for google-workspace: 404 Not Found
[MCP Client] Raw response body from google-workspace: {"detail":"Not Found"}
[MCP Client] Request body sent to google-workspace: {"jsonrpc":"2.0","id":"mcp-be9df689-a886-46d1-a0ef-aebfa6e6c969","method":"tools/list","params":{}}
[MCP Client] Request body sent: {"jsonrpc":"2.0","id":"mcp-be9df689-a886-46d1-a0ef-aebfa6e6c969","method":"tools/list","params":{}}
[MCP Client] Response status: 404, body: {"detail":"Not Found"}
[MCP Client] Γ¥î Failed to fetch tools for google-workspace: MCP REST transport 
responded with 404. Not Found
[Tools Helper] Successfully fetched 0 tools from google-workspace
[MCP Client] Maps API response body length: 34536, preview: {"id":"mcp-97799500-4676-41d2-9b51-4e74e356cf3d","jsonrpc":"2.0","result":{"tools":[{"annotations":{
[MCP Client] Successfully parsed JSON response
[MCP Client] Successfully extracted 3 tools for maps
[Tools Helper] Successfully fetched 3 tools from maps
[Tools Helper] Sample tool from maps: {"name":"search_places","description":"\nCall this tool when the user's request is to find","hasSchema":true}
[MCP Client] Response status for exa: 200 OK
[MCP Client] Raw response body from exa: event: message
data: {"result":{"tools":[{"name":"web_search_exa","description":"Search the web using Exa AI - performs real-time web searches and can scrape content from specific URLs. Supports configurable result counts and returns the content from the most relevant websites.","inputSchema":{"type":"object","properties":{"query":{"type":"string","description":"Websearch query"},"numResults":{"type":"number","description":"Number of search results to return (default: 8)"},"livecrawl":{"type":"s
[MCP Client] Γ¥î Failed to fetch tools for exa: Body is unusable
[Tools Helper] Successfully fetched 0 tools from exa
[MCP Stdio] stderr from sequential-thinking: Available tools: [ 
'sequentialthinking_tools' ]
[MCP Stdio] stderr from sequential-thinking: Sequential Thinking MCP Server 
running on stdio
[MCP Client] Successfully extracted 1 tools for sequential-thinking
[Tools Helper] Successfully fetched 1 tools from sequential-thinking
[Tools Helper] Sample tool from sequential-thinking: {"name":"sequentialthinking_tools","description":"A detailed tool for dynamic and reflective problem","hasSchema":true}
[MCP Stdio] stderr from github: GitHub MCP Server running on stdio
[MCP Client] Successfully extracted 26 tools for github
[Tools Helper] Successfully fetched 26 tools from github
[Tools Helper] Sample tool from github: {"name":"create_or_update_file","description":"Create or update a single file in a GitHub reposit","hasSchema":true}
[MCP Client] Successfully extracted 21 tools for notion
[Tools Helper] Successfully fetched 21 tools from notion
[Tools Helper] Sample tool from notion: {"name":"API-get-user","description":"Notion | Retrieve a user\nError Responses:\n400: 400","hasSchema":true}
[MCP Stdio] stderr from n8n: Starting n8n MCP Server...
[MCP Stdio] stderr from n8n: Failed to start n8n MCP Server: McpError: MCP error 
1000: Missing required environment variable: N8N_API_URL
    at getEnvConfig (file:///C:/Users/senti/AppData/Local/npm-cache/_npx/c4b7a0c52
94b2327/node_modules/n8n-mcp-server/build/config/environment.js:34:15)
    at configureServer (file:///C:/Users/senti/AppData/Local/npm-cache/_npx/c4b7a0
c5294b2327/node_modules/n8n-mcp-server/build/config/server.js:21:23)
    at main (file:///C:/Users/senti/AppData/Local/npm-cache/_npx/c4b7a0c5294b2327/
node_modules/n8n-mcp-server/build/index.js:20:30)
    at file:///C:/Users/senti/AppData/Local/npm-cache/_npx/c4b7a0c5294b2327/node_m
odules/n8n-mcp-server/build/index.js:40:1
    at ModuleJob.run (node:internal/modules/esm/module_job:222:25)
    at async ModuleLoader.import (node:internal/modules/esm/loader:316:24)
    at async asyncRunEntryPointWithESMLoader 
(node:internal/modules/run_main:123:5) {
  code: 1000,
  data: undefined
}
[MCP Stdio] Process exited with code 1. Server: n8n, Command: npx -y 
n8n-mcp-server...
[MCP Stdio] Full command: npx -y n8n-mcp-server
[MCP Stdio] stderr output: Starting n8n MCP Server...
Failed to start n8n MCP Server: McpError: MCP error 1000: Missing required 
environment variable: N8N_API_URL
    at getEnvConfig (file:///C:/Users/senti/AppData/Local/npm-cache/_npx/c4b7a0c52
94b2327/node_modules/n8n-mcp-server/build/config/environment.js:34:15)
    at configureServer (file:///C:/Users/senti/AppData/Local/npm-cache/_npx/c4b7a0
c5294b2327/node_modules/n8n-mcp-server/build/config/server.js:21:23)
    at main (file:///C:/Users/senti/AppData/Local/npm-cache/_npx/c4b7a0c5294b2327/
node_modules/n8n-mcp-server/build/index.js:20:30)
    at file:///C:/Users/senti/AppData/Local/npm-cache/_npx/c4b7a0c5294b2327/node_m
odules/n8n-mcp-server/build/index.js:40:1
    at ModuleJob.run (node:internal/modules/esm/module_job:222:25)
    at async ModuleLoader.import (node:internal/modules/esm/loader:316:24)
    at async asyncRunEntryPointWithESMLoader 
(node:internal/modules/run_main:123:5) {
  code: 1000,
  data: undefined
}
[MCP Stdio] stdout output (first 500 chars): <none>
[MCP Client] Γ¥î Failed to fetch tools for n8n: Local MCP process exited with 
code 1. stderr: Starting n8n MCP Server...
Failed to start n8n MCP Server: McpError: MCP error 1000: Missing required 
environment variable: N8N_API_URL
    at getEnvConfig (file:///C:/Users/senti/AppData/Local/npm-cache/_npx/c4b7a0c52
94b2327/node_modules/n8n-mcp-server/build/config/environment.js:34:15)
    at configureServer (file:///C:/Users/senti/AppData/Local/npm-cache/_npx/c4b7a0
c5294b2327/node_modules/n8n-mcp-server/build/config/server.js:21:23)
    at main (file:///C:/Users/senti/AppData/Local/npm-cache/_npx/c4b7a0c5294b2327/
node_modules/n8n-mcp-server/build/index.js:20:30)
    at file:///C:/Users/senti/AppData/Local/npm-cache/_npx/c4b7a0c5294b2327/node_m
odules/n8n-mcp-server/build/index.js:40:1
    at ModuleJob.run (node:internal/modules/esm/module_job:222:25)
    at async ModuleLoader.import (node:internal/modules/esm/loader:316:24)
    at async asyncRunEntryPointWithESMLoader 
(node:internal/modules/run_main:123:5) {
  code: 1000,
  data: undefined
}
[Tools Helper] Successfully fetched 0 tools from n8n
[MCP Client] Successfully extracted 22 tools for playwright
[Tools Helper] Successfully fetched 22 tools from playwright
[Tools Helper] Sample tool from playwright: {"name":"browser_close","description":"Close the page","hasSchema":true}
[Tools Helper] Server maps: 3 tools
[Tools Helper] Server github: 26 tools
[Tools Helper] GitHub tool names: add_issue_comment, create_branch, create_issue, create_or_update_file, create_pull_request, create_pull_request_review, create_repository, fork_repository, get_file_contents, get_issue, get_pull_request, get_pull_request_comments, get_pull_request_files, get_pull_request_reviews, get_pull_request_status, list_commits, list_issues, list_pull_requests, merge_pull_request, push_files, search_code, search_issues, search_repositories, search_users, update_issue, update_pull_request_branch
[Tools Helper] Γ£à Found search repositories tool: search_repositories (will be namespaced as github_search_repositories)
[Tools Helper] search_repositories tool schema: {
  "type": "object",
  "properties": {
    "query": {
      "type": "string",
      "description": "Search query (see GitHub search syntax)"
    },
    "page": {
      "type": "number",
      "description": "Page number for pagination (default: 1)"
    },
    "perPage": {
      "type": "number",
      "description": "Number of results per page (default: 30, max: 100)"
    }
  },
  "required": [
    "query"
  ],
  "additionalProperties": false,
  "$schema": "http://json-schema.org/draft-07/schema#"
}
[Tools Helper] Server playwright: 22 tools
[Tools Helper] Playwright tool names: browser_click, browser_close, browser_console_messages, browser_drag, browser_evaluate, browser_file_upload, browser_fill_form, browser_handle_dialog, browser_hover, browser_install, browser_navigate, browser_navigate_back, browser_network_requests, browser_press_key, browser_resize, browser_run_code, browser_select_option, browser_snapshot, browser_tabs, browser_take_screenshot, browser_type, browser_wait_for
[Tools Helper] Γ£à Found browser_take_screenshot tool in Playwright tools
[Tools Helper] Γ£à Added playwright_browser_take_screenshot to OpenAI functions
[Tools Helper] ≡ƒÜ½ PERMANENTLY FILTERING: playwright_browser_snapshot - removed from available tools (use browser_take_screenshot for images)
[Tools Helper] Server langchain: 1 tools
[Tools Helper] Γ£à LangChain Agent tool names (from /tools endpoint): agent_executor
[Tools Helper] Server exa: 0 tools
[Tools Helper] ΓÜá∩╕Å Exa Search returned 0 tools! This usually means the MCP 
endpoint or credentials failed. Check https://docs.exa.ai for troubleshooting.
[Tools Helper] Server sequential-thinking: 1 tools
[Tools Helper] Server notion: 21 tools
[Tools Helper] Server n8n: 0 tools
[Tools Helper] Server google-workspace: 0 tools
[Tools Helper] ΓÜá∩╕Å Google Workspace returned 0 tools! Check if the Cloud Run 
service is active and accessible.
[Tools Helper] Total OpenAI functions: 73

Total tools fetched: 73

Tool counts per server:
 - maps: 3
 - github: 26
 - playwright: 21
 - langchain: 1
 - sequential-thinking: 1
 - notion: 21

Γ¥î NO GOOGLE WORKSPACE TOOLS FOUND!
[Playwright MCP] stderr: ^C
^C
